// Code generated by arcjet-gravity; DO NOT EDIT.

package example

import "context"
import "errors"
import "github.com/tetratelabs/wazero"
import "github.com/tetratelabs/wazero/api"

import _ "embed"

//go:embed example.wasm
var wasmFileExample []byte

type IExampleRuntime interface {
	Os(
		ctx context.Context,
	) string
	Arch(
		ctx context.Context,
	) string
	Puts(
		ctx context.Context,
		msg string,
	)
}

type ExampleFactory struct {
	runtime wazero.Runtime
	module wazero.CompiledModule
}

func NewExampleFactory(
	ctx context.Context,
	runtime IExampleRuntime,
) (*ExampleFactory, error) {
	wazeroRuntime := wazero.NewRuntime(ctx)

	// Instantiate import host modules
	_, err0 := wazeroRuntime.NewHostModuleBuilder("arcjet:example/runtime").
	NewFunctionBuilder().
	WithFunc(func(
		ctx context.Context,
		mod api.Module,
		arg0 uint32,
	) {
		// CallInterface { func: Function { name: "os", kind: Freestanding, params: [], result: Some(String), docs: Docs { contents: None }, stability: Unknown }, async_: false }
		value0 := runtime.Os(ctx, )
		// GetArg { nth: 0 }
		// StringLower { realloc: Some("cabi_realloc") }
		memory1 := mod.Memory()
		realloc1 := mod.ExportedFunction("cabi_realloc")
		ptr1, len1, err1 := writeString(ctx, value0, memory1, realloc1)
		if err1 != nil {
			panic(err1)
		}
		// LengthStore { offset: ptrsz }
		mod.Memory().WriteUint32Le(uint32(arg0+4), uint32(len1))
		// PointerStore { offset: 0 }
		mod.Memory().WriteUint32Le(uint32(arg0+0), uint32(ptr1))
		// Return { amt: 0, func: Function { name: "os", kind: Freestanding, params: [], result: Some(String), docs: Docs { contents: None }, stability: Unknown } }
	}).
	Export("os").
	NewFunctionBuilder().
	WithFunc(func(
		ctx context.Context,
		mod api.Module,
		arg0 uint32,
	) {
		// CallInterface { func: Function { name: "arch", kind: Freestanding, params: [], result: Some(String), docs: Docs { contents: None }, stability: Unknown }, async_: false }
		value0 := runtime.Arch(ctx, )
		// GetArg { nth: 0 }
		// StringLower { realloc: Some("cabi_realloc") }
		memory1 := mod.Memory()
		realloc1 := mod.ExportedFunction("cabi_realloc")
		ptr1, len1, err1 := writeString(ctx, value0, memory1, realloc1)
		if err1 != nil {
			panic(err1)
		}
		// LengthStore { offset: ptrsz }
		mod.Memory().WriteUint32Le(uint32(arg0+4), uint32(len1))
		// PointerStore { offset: 0 }
		mod.Memory().WriteUint32Le(uint32(arg0+0), uint32(ptr1))
		// Return { amt: 0, func: Function { name: "arch", kind: Freestanding, params: [], result: Some(String), docs: Docs { contents: None }, stability: Unknown } }
	}).
	Export("arch").
	NewFunctionBuilder().
	WithFunc(func(
		ctx context.Context,
		mod api.Module,
		arg0 uint32,
		arg1 uint32,
	) {
		// GetArg { nth: 0 }
		// GetArg { nth: 1 }
		// StringLift
		buf0, ok0 := mod.Memory().Read(arg0, arg1)
		if !ok0 {
			panic(errors.New("failed to read bytes from memory"))
		}
		str0 := string(buf0)
		// CallInterface { func: Function { name: "puts", kind: Freestanding, params: [("msg", String)], result: None, docs: Docs { contents: None }, stability: Unknown }, async_: false }
		runtime.Puts(ctx, str0)
		// Return { amt: 0, func: Function { name: "puts", kind: Freestanding, params: [("msg", String)], result: None, docs: Docs { contents: None }, stability: Unknown } }
	}).
	Export("puts").
	Instantiate(ctx)
	if err0 != nil {
		return nil, err0
	}

	// Compiling the module takes a LONG time, so we want to do it once and hold
	// onto it with the Runtime
	module, err := wazeroRuntime.CompileModule(ctx, wasmFileExample)
	if err != nil {
		return nil, err
	}
	return &ExampleFactory{
		runtime: wazeroRuntime,
		module: module,
	}, nil
}

func (f *ExampleFactory) Instantiate(ctx context.Context) (*ExampleInstance, error) {
	if module, err := f.runtime.InstantiateModule(ctx, f.module, wazero.NewModuleConfig()); err != nil {
		return nil, err
	} else {
		return &ExampleInstance{module}, nil
	}
}

func (f *ExampleFactory) Close(ctx context.Context) {
	f.runtime.Close(ctx)
}

type ExampleInstance struct {
	module api.Module
}

func (i *ExampleInstance) Close(ctx context.Context) error {
	if err := i.module.Close(ctx); err != nil {
		return err
	}

	return nil
}

// writeString will put a Go string into the Wasm memory following the Component
// Model calling convetions, such as allocating memory with the realloc function
func writeString(
	ctx context.Context,
	s string,
	memory api.Memory,
	realloc api.Function,
) (uint64, uint64, error) {
	if len(s) == 0 {
		return 1, 0, nil
	}

	results, err := realloc.Call(ctx, 0, 0, 1, uint64(len(s)))
	if err != nil {
		return 1, 0, err
	}
	ptr := results[0]
	ok := memory.Write(uint32(ptr), []byte(s))
	if !ok {
		return 1, 0, err
	}
	return uint64(ptr), uint64(len(s)), nil
}

func (i *ExampleInstance) Hello(
	ctx context.Context,
) (string, error) {
	// CallWasm { name: "hello", sig: WasmSignature { params: [], results: [Pointer], indirect_params: false, retptr: true } }
	raw0, err0 := i.module.ExportedFunction("hello").Call(ctx, )
	if err0 != nil {
		var default0 string
		return default0, err0
	}

	// The cleanup via `cabi_post_*` cleans up the memory in the guest. By
	// deferring this, we ensure that no memory is corrupted before the function
	// is done accessing it.
	defer func() {
		if _, err := i.module.ExportedFunction("cabi_post_hello").Call(ctx, raw0...); err != nil {
			// If we get an error during cleanup, something really bad is
			// going on, so we panic. Also, you can't return the error from
			// the `defer`
			panic(errors.New("failed to cleanup"))
		}
	}()

	results0 := raw0[0]
	// I32Load8U { offset: 0 }
	value1, ok1 := i.module.Memory().ReadByte(uint32(results0 + 0))
	if !ok1 {
		var default1 string
		return default1, errors.New("failed to read byte from memory")
	}
	// ResultLift { result: Result_ { ok: Some(String), err: Some(String) }, ty: Id { idx: 0 } }
	var value8 string
	var err8 error
	switch value1 {
	case 0:
		// PointerLoad { offset: ptrsz }
		ptr2, ok2 := i.module.Memory().ReadUint32Le(uint32(results0 + 4))
		if !ok2 {
			var default2 string
			return default2, errors.New("failed to read pointer from memory")
		}
		// LengthLoad { offset: (2*ptrsz) }
		len3, ok3 := i.module.Memory().ReadUint32Le(uint32(results0 + 8))
		if !ok3 {
			var default3 string
			return default3, errors.New("failed to read length from memory")
		}
		// StringLift
		buf4, ok4 := i.module.Memory().Read(ptr2, len3)
		if !ok4 {
			var default4 string
			return default4, errors.New("failed to read bytes from memory")
		}
		str4 := string(buf4)
		value8 = str4
	case 1:
		// PointerLoad { offset: ptrsz }
		ptr5, ok5 := i.module.Memory().ReadUint32Le(uint32(results0 + 4))
		if !ok5 {
			var default5 string
			return default5, errors.New("failed to read pointer from memory")
		}
		// LengthLoad { offset: (2*ptrsz) }
		len6, ok6 := i.module.Memory().ReadUint32Le(uint32(results0 + 8))
		if !ok6 {
			var default6 string
			return default6, errors.New("failed to read length from memory")
		}
		// StringLift
		buf7, ok7 := i.module.Memory().Read(ptr5, len6)
		if !ok7 {
			var default7 string
			return default7, errors.New("failed to read bytes from memory")
		}
		str7 := string(buf7)
		err8 = errors.New(str7)
	default:
		err8 = errors.New("invalid variant discriminant for expected")
	}
	// Flush { amt: 1 }
	// Return { amt: 1, func: Function { name: "hello", kind: Freestanding, params: [], result: Some(Id(Id { idx: 0 })), docs: Docs { contents: None }, stability: Unknown } }
	return value8, err8
}

